# Health snapshot: opn-177-dummy

- Started at: `2026-06-28T10:53:43+12:00`
- Captured from: `media-homelab`
- Job command: `bash -lc printf\ \"dummy\ job\\n\"\;\ sleep\ 1 `
- Safety: read-only health checks only; no secrets, full environment output, Docker inspect env output, or full service logs.

## Before

### `date -Iseconds`

```text
2026-06-28T10:53:43+12:00
```

### `hostnamectl --static`

```text
media-homelab
```

### `systemd-detect-virt`

```text
kvm
```

### `uptime`

```text
 10:53:43 up 20:22,  1 user,  load average: 1.16, 1.07, 0.95
```

### `free -h`

```text
               total        used        free      shared  buff/cache   available
Mem:            11Gi       6.5Gi       666Mi       426Mi       4.3Gi       4.2Gi
Swap:          2.9Gi       212Mi       2.7Gi
```

### `df -h`

```text
Filesystem                         Size  Used Avail Use% Mounted on
tmpfs                              1.1G  3.9M  1.1G   1% /run
/dev/mapper/ubuntu--vg-ubuntu--lv  120G   50G   66G  44% /
tmpfs                              4.6G     0  4.6G   0% /dev/shm
tmpfs                              5.0M     0  5.0M   0% /run/lock
/dev/sda2                          2.0G  259M  1.6G  15% /boot
/dev/sdc                           1.8T  490G  1.3T  29% /data/media
/dev/sdb                           117G  2.2M  111G   1% /data/downloads
tmpfs                              585M  4.0K  585M   1% /run/user/1000
/dev/sdd1                          1.8T  1.4T  380G  79% /mnt/old-media
```

### `docker stats --no-stream --format 'table {{.Name}}\t{{.MemUsage}}\t{{.MemPerc}}\t{{.CPUPerc}}'`

```text
NAME                     MEM USAGE / LIMIT     MEM %     CPU %
openclaw-gateway         41.7MiB / 5.706GiB    0.71%     0.09%
paperless-webserver      664.5MiB / 5.706GiB   11.37%    0.13%
paperless-db             52.82MiB / 5.706GiB   0.90%     0.00%
paperless-broker         14.76MiB / 5.706GiB   0.25%     0.25%
paperless-gotenberg      14.77MiB / 5.706GiB   0.25%     0.06%
paperless-tika           239.2MiB / 5.706GiB   4.09%     0.20%
speedtest-tracker        154.2MiB / 5.706GiB   2.64%     0.00%
n8n                      341.9MiB / 5.706GiB   5.85%     0.06%
glances                  109MiB / 5.706GiB     1.87%     0.68%
homepage                 104.6MiB / 5.706GiB   1.79%     2.49%
nzbget                   14.34MiB / 5.706GiB   0.25%     0.02%
qbittorrent              32.02MiB / 5.706GiB   0.55%     0.09%
bazarr                   235.8MiB / 5.706GiB   4.04%     0.14%
sonarr                   220.8MiB / 5.706GiB   3.78%     0.29%
radarr                   288.6MiB / 5.706GiB   4.94%     0.23%
cleanuparr               218.7MiB / 5.706GiB   3.74%     0.92%
gluetun                  116.5MiB / 5.706GiB   1.99%     0.00%
prowlarr                 181.9MiB / 5.706GiB   3.11%     0.04%
jellyfin                 433.6MiB / 5.706GiB   7.42%     0.00%
komodo-periphery-1       127.5MiB / 5.706GiB   2.18%     6.32%
komodo-core-1            78.48MiB / 5.706GiB   1.34%     0.14%
komodo-mongo-1           172.9MiB / 5.706GiB   2.96%     0.59%
nginx-proxy-manager      119MiB / 5.706GiB     2.04%     0.02%
flaresolverr             326.8MiB / 5.706GiB   5.59%     0.01%
autoscan                 42.94MiB / 5.706GiB   0.73%     0.01%
authentik-postgresql-1   268.8MiB / 5.706GiB   4.60%     0.00%
adguard                  68.53MiB / 5.706GiB   1.17%     0.01%
authentik-server         746.3MiB / 5.706GiB   12.77%    1.13%
jellyseerr               317.5MiB / 5.706GiB   5.43%     0.00%
authentik-worker-1       547.5MiB / 5.706GiB   9.37%     0.13%
```

### `docker ps --format 'table {{.Names}}\t{{.Image}}\t{{.Status}}'`

```text
NAMES                    IMAGE                                          STATUS
openclaw-gateway         openclaw-gateway-openclaw-gateway              Up 42 minutes
paperless-webserver      ghcr.io/paperless-ngx/paperless-ngx:2.20.15    Up 15 hours (healthy)
paperless-db             postgres:18.4                                  Up 15 hours
paperless-broker         redis:8.2.7                                    Up 15 hours
paperless-gotenberg      gotenberg/gotenberg:8.34.0                     Up 15 hours
paperless-tika           apache/tika:3.3.1.0-full                       Up 15 hours
speedtest-tracker        lscr.io/linuxserver/speedtest-tracker:latest   Up 16 hours
n8n                      docker.n8n.io/n8nio/n8n:latest                 Up 16 hours
glances                  nicolargo/glances:latest                       Up 16 hours
homepage                 ghcr.io/gethomepage/homepage:latest            Up 16 hours (healthy)
nzbget                   lscr.io/linuxserver/nzbget:latest              Up 16 hours
qbittorrent              lscr.io/linuxserver/qbittorrent:latest         Up 16 hours
bazarr                   lscr.io/linuxserver/bazarr:latest              Up 16 hours
sonarr                   lscr.io/linuxserver/sonarr:latest              Up 16 hours
radarr                   lscr.io/linuxserver/radarr:latest              Up 16 hours
cleanuparr               ghcr.io/cleanuparr/cleanuparr:latest           Up 16 hours (healthy)
gluetun                  qmcgaw/gluetun:latest                          Up 16 hours (healthy)
prowlarr                 lscr.io/linuxserver/prowlarr:latest            Up 16 hours
jellyfin                 lscr.io/linuxserver/jellyfin:latest            Up 16 hours
komodo-periphery-1       ghcr.io/moghtech/komodo-periphery:2            Up 16 hours
komodo-core-1            ghcr.io/moghtech/komodo-core:2                 Up 16 hours
komodo-mongo-1           mongo                                          Up 16 hours
nginx-proxy-manager      jc21/nginx-proxy-manager:latest                Up 16 hours
flaresolverr             ghcr.io/flaresolverr/flaresolverr:latest       Up 16 hours
autoscan                 ghcr.io/niniyas/autoscan:latest                Up 16 hours
authentik-postgresql-1   16bc17c64a57                                   Up 16 hours (healthy)
adguard                  adguard/adguardhome:latest                     Up 16 hours
authentik-server         ghcr.io/goauthentik/server:2026.2.2            Up 16 hours (healthy)
jellyseerr               fallenbagel/jellyseerr:preview-OIDC            Up 16 hours
authentik-worker-1       ghcr.io/goauthentik/server:2026.2.2            Up 16 hours (healthy)
```

### `ps aux --sort=-%mem | head -n 20`

```text
USER         PID %CPU %MEM    VSZ   RSS TTY      STAT START   TIME COMMAND
oli       917337  4.5  6.0 27942672 719636 ?     Sl   08:41   5:57 /home/oli/.vscode-server/cli/servers/Stable-7e7950df89d055b5a378379db9ee14290772148a/server/node --dns-result-order=ipv4first /home/oli/.vscode-server/cli/servers/Stable-7e7950df89d055b5a378379db9ee14290772148a/server/out/bootstrap-fork --type=extensionHost --transformURIs --useHostProxy=false
oli       213456  0.1  4.1 275265252 491336 ?    Ssl  Jun27   1:35 /usr/bin/jellyfin --ffmpeg=/usr/lib/jellyfin-ffmpeg/ffmpeg
oli       198196  0.8  2.8 1322960 344076 ?      Sl   Jun27   7:38 gunicorn: worker [authentik.root.asgi:application]
oli       634401  0.6  2.7 1312652 329724 ?      Sl   03:04   3:05 gunicorn: worker [authentik.root.asgi:application]
oli       418626  1.1  2.6 751280 318052 ?       Sl   Jun27   8:11 codex app-server --listen unix://
oli       214241  0.2  2.6 273105776 317204 ?    Ssl  Jun27   2:39 /app/radarr/bin/Radarr -nobrowser -data=/config
oli       212831  0.3  2.5 274792860 304904 ?    Ssl  Jun27   2:50 ./Cleanuparr
oli       216584  0.0  2.4 27043280 289180 ?     Sl   Jun27   0:53 node /usr/local/bin/n8n
oli       198051  0.2  2.3 1127420 279876 ?      Sl   Jun27   2:00 python -m manage worker --pid-file /dev/shm//authentik-worker.pid
root      212736  0.2  2.2 21908608 267956 ?     Sl   Jun27   1:59 node dist/index.js
oli       197688  0.0  2.1 463172 261416 ?       Ssl  Jun27   0:19 python -m manage worker --pid-file /dev/shm//authentik-worker.pid
oli       198460  0.0  2.0 389424 241932 ?       S    Jun27   0:02 python -m manage worker --pid-file /dev/shm//authentik-worker.pid
oli       198459  0.0  1.9 389424 237388 ?       S    Jun27   0:05 python -m manage worker --pid-file /dev/shm//authentik-worker.pid
oli       198461  0.0  1.9 389424 236632 ?       S    Jun27   0:05 python -m manage worker --pid-file /dev/shm//authentik-worker.pid
oli       223016  0.1  1.9 1118632 235904 ?      Sl   Jun27   1:35 granian asginl :::8000 paperless.asgi:application worker-1
oli       214159  0.3  1.9 2611672 229300 ?      Ssl  Jun27   3:22 /app/sonarr/bin/Sonarr -nobrowser -data=/config
oli       197838  0.0  1.8 393372 227060 ?       S    Jun27   0:13 gunicorn: master [authentik.root.asgi:application]
oli       214108  0.1  1.8 273111316 225828 ?    Ssl  Jun27   1:30 /app/prowlarr/bin/Prowlarr -nobrowser -data=/config
oli       213933  0.2  1.7 689452 205040 ?       Sl   Jun27   2:22 /lsiopy/bin/python3 -u /app/bazarr/bin/bazarr/main.py --no-update --config /config
```

### `systemctl --failed`

```text
  UNIT LOAD ACTIVE SUB DESCRIPTION
0 loaded units listed.
```

### `journalctl -p warning..alert -n 100 --no-pager`

```text
Jun 28 10:40:10 media-homelab kernel: kauditd_printk_skb: 14 callbacks suppressed
Jun 28 10:40:20 media-homelab kernel: kauditd_printk_skb: 14 callbacks suppressed
Jun 28 10:40:25 media-homelab kernel: kauditd_printk_skb: 8 callbacks suppressed
Jun 28 10:40:35 media-homelab kernel: kauditd_printk_skb: 8 callbacks suppressed
Jun 28 10:40:40 media-homelab kernel: kauditd_printk_skb: 8 callbacks suppressed
Jun 28 10:40:50 media-homelab kernel: kauditd_printk_skb: 8 callbacks suppressed
Jun 28 10:41:00 media-homelab kernel: kauditd_printk_skb: 14 callbacks suppressed
Jun 28 10:41:05 media-homelab kernel: kauditd_printk_skb: 8 callbacks suppressed
Jun 28 10:41:15 media-homelab kernel: kauditd_printk_skb: 8 callbacks suppressed
Jun 28 10:41:20 media-homelab kernel: kauditd_printk_skb: 8 callbacks suppressed
Jun 28 10:41:30 media-homelab kernel: kauditd_printk_skb: 8 callbacks suppressed
Jun 28 10:41:35 media-homelab kernel: kauditd_printk_skb: 2 callbacks suppressed
Jun 28 10:41:45 media-homelab kernel: kauditd_printk_skb: 14 callbacks suppressed
Jun 28 10:41:55 media-homelab kernel: kauditd_printk_skb: 14 callbacks suppressed
Jun 28 10:42:00 media-homelab kernel: kauditd_printk_skb: 2 callbacks suppressed
Jun 28 10:42:10 media-homelab kernel: kauditd_printk_skb: 14 callbacks suppressed
Jun 28 10:42:20 media-homelab kernel: kauditd_printk_skb: 14 callbacks suppressed
Jun 28 10:42:25 media-homelab kernel: kauditd_printk_skb: 2 callbacks suppressed
Jun 28 10:42:35 media-homelab kernel: kauditd_printk_skb: 14 callbacks suppressed
Jun 28 10:42:45 media-homelab kernel: kauditd_printk_skb: 14 callbacks suppressed
Jun 28 10:42:55 media-homelab kernel: kauditd_printk_skb: 14 callbacks suppressed
Jun 28 10:43:00 media-homelab kernel: kauditd_printk_skb: 8 callbacks suppressed
Jun 28 10:43:10 media-homelab kernel: kauditd_printk_skb: 8 callbacks suppressed
Jun 28 10:43:20 media-homelab kernel: kauditd_printk_skb: 14 callbacks suppressed
Jun 28 10:43:25 media-homelab kernel: kauditd_printk_skb: 8 callbacks suppressed
Jun 28 10:43:35 media-homelab kernel: kauditd_printk_skb: 8 callbacks suppressed
Jun 28 10:43:45 media-homelab kernel: kauditd_printk_skb: 14 callbacks suppressed
Jun 28 10:43:55 media-homelab kernel: kauditd_printk_skb: 14 callbacks suppressed
Jun 28 10:44:05 media-homelab kernel: kauditd_printk_skb: 14 callbacks suppressed
Jun 28 10:44:15 media-homelab kernel: kauditd_printk_skb: 14 callbacks suppressed
Jun 28 10:44:25 media-homelab kernel: kauditd_printk_skb: 14 callbacks suppressed
Jun 28 10:44:35 media-homelab kernel: kauditd_printk_skb: 14 callbacks suppressed
Jun 28 10:44:40 media-homelab kernel: kauditd_printk_skb: 8 callbacks suppressed
Jun 28 10:44:50 media-homelab kernel: kauditd_printk_skb: 8 callbacks suppressed
Jun 28 10:45:00 media-homelab kernel: kauditd_printk_skb: 14 callbacks suppressed
Jun 28 10:45:10 media-homelab kernel: kauditd_printk_skb: 14 callbacks suppressed
Jun 28 10:45:15 media-homelab kernel: kauditd_printk_skb: 8 callbacks suppressed
Jun 28 10:45:25 media-homelab kernel: kauditd_printk_skb: 8 callbacks suppressed
Jun 28 10:45:30 media-homelab kernel: kauditd_printk_skb: 8 callbacks suppressed
Jun 28 10:45:40 media-homelab kernel: kauditd_printk_skb: 8 callbacks suppressed
Jun 28 10:45:45 media-homelab kernel: kauditd_printk_skb: 8 callbacks suppressed
Jun 28 10:45:55 media-homelab kernel: kauditd_printk_skb: 8 callbacks suppressed
Jun 28 10:46:00 media-homelab kernel: kauditd_printk_skb: 7 callbacks suppressed
Jun 28 10:46:10 media-homelab kernel: kauditd_printk_skb: 9 callbacks suppressed
Jun 28 10:46:20 media-homelab kernel: kauditd_printk_skb: 14 callbacks suppressed
Jun 28 10:46:25 media-homelab kernel: kauditd_printk_skb: 13 callbacks suppressed
Jun 28 10:46:35 media-homelab kernel: kauditd_printk_skb: 3 callbacks suppressed
Jun 28 10:46:45 media-homelab kernel: kauditd_printk_skb: 14 callbacks suppressed
Jun 28 10:46:50 media-homelab kernel: kauditd_printk_skb: 2 callbacks suppressed
Jun 28 10:47:00 media-homelab kernel: kauditd_printk_skb: 14 callbacks suppressed
Jun 28 10:47:05 media-homelab kernel: kauditd_printk_skb: 8 callbacks suppressed
Jun 28 10:47:15 media-homelab kernel: kauditd_printk_skb: 8 callbacks suppressed
Jun 28 10:47:20 media-homelab kernel: kauditd_printk_skb: 2 callbacks suppressed
Jun 28 10:47:30 media-homelab kernel: kauditd_printk_skb: 14 callbacks suppressed
Jun 28 10:47:40 media-homelab kernel: kauditd_printk_skb: 14 callbacks suppressed
Jun 28 10:47:50 media-homelab kernel: kauditd_printk_skb: 14 callbacks suppressed
Jun 28 10:47:55 media-homelab kernel: kauditd_printk_skb: 8 callbacks suppressed
Jun 28 10:48:05 media-homelab kernel: kauditd_printk_skb: 8 callbacks suppressed
Jun 28 10:48:10 media-homelab kernel: kauditd_printk_skb: 8 callbacks suppressed
Jun 28 10:48:20 media-homelab kernel: kauditd_printk_skb: 8 callbacks suppressed
Jun 28 10:48:30 media-homelab kernel: kauditd_printk_skb: 14 callbacks suppressed
Jun 28 10:48:35 media-homelab kernel: kauditd_printk_skb: 8 callbacks suppressed
Jun 28 10:48:45 media-homelab kernel: kauditd_printk_skb: 8 callbacks suppressed
Jun 28 10:48:50 media-homelab kernel: kauditd_printk_skb: 8 callbacks suppressed
Jun 28 10:49:00 media-homelab kernel: kauditd_printk_skb: 8 callbacks suppressed
Jun 28 10:49:10 media-homelab kernel: kauditd_printk_skb: 14 callbacks suppressed
Jun 28 10:49:15 media-homelab kernel: kauditd_printk_skb: 8 callbacks suppressed
Jun 28 10:49:25 media-homelab kernel: kauditd_printk_skb: 8 callbacks suppressed
Jun 28 10:49:35 media-homelab kernel: kauditd_printk_skb: 14 callbacks suppressed
Jun 28 10:49:45 media-homelab kernel: kauditd_printk_skb: 14 callbacks suppressed
Jun 28 10:49:50 media-homelab kernel: kauditd_printk_skb: 2 callbacks suppressed
Jun 28 10:50:00 media-homelab kernel: kauditd_printk_skb: 14 callbacks suppressed
Jun 28 10:50:10 media-homelab kernel: kauditd_printk_skb: 14 callbacks suppressed
Jun 28 10:50:20 media-homelab kernel: kauditd_printk_skb: 14 callbacks suppressed
Jun 28 10:50:30 media-homelab kernel: kauditd_printk_skb: 14 callbacks suppressed
Jun 28 10:50:35 media-homelab kernel: kauditd_printk_skb: 8 callbacks suppressed
Jun 28 10:50:45 media-homelab kernel: kauditd_printk_skb: 8 callbacks suppressed
Jun 28 10:50:50 media-homelab kernel: kauditd_printk_skb: 8 callbacks suppressed
Jun 28 10:51:00 media-homelab kernel: kauditd_printk_skb: 8 callbacks suppressed
Jun 28 10:51:05 media-homelab kernel: kauditd_printk_skb: 8 callbacks suppressed
Jun 28 10:51:15 media-homelab kernel: kauditd_printk_skb: 8 callbacks suppressed
Jun 28 10:51:20 media-homelab kernel: kauditd_printk_skb: 8 callbacks suppressed
Jun 28 10:51:30 media-homelab kernel: kauditd_printk_skb: 8 callbacks suppressed
Jun 28 10:51:35 media-homelab kernel: kauditd_printk_skb: 8 callbacks suppressed
Jun 28 10:51:45 media-homelab kernel: kauditd_printk_skb: 8 callbacks suppressed
Jun 28 10:51:55 media-homelab kernel: kauditd_printk_skb: 14 callbacks suppressed
Jun 28 10:52:00 media-homelab kernel: kauditd_printk_skb: 8 callbacks suppressed
Jun 28 10:52:10 media-homelab kernel: kauditd_printk_skb: 8 callbacks suppressed
Jun 28 10:52:20 media-homelab kernel: kauditd_printk_skb: 14 callbacks suppressed
Jun 28 10:52:25 media-homelab kernel: kauditd_printk_skb: 8 callbacks suppressed
Jun 28 10:52:35 media-homelab kernel: kauditd_printk_skb: 8 callbacks suppressed
Jun 28 10:52:40 media-homelab kernel: kauditd_printk_skb: 8 callbacks suppressed
Jun 28 10:52:50 media-homelab kernel: kauditd_printk_skb: 8 callbacks suppressed
Jun 28 10:52:55 media-homelab kernel: kauditd_printk_skb: 8 callbacks suppressed
Jun 28 10:53:05 media-homelab kernel: kauditd_printk_skb: 8 callbacks suppressed
Jun 28 10:53:10 media-homelab kernel: kauditd_printk_skb: 2 callbacks suppressed
Jun 28 10:53:20 media-homelab kernel: kauditd_printk_skb: 14 callbacks suppressed
Jun 28 10:53:25 media-homelab kernel: kauditd_printk_skb: 2 callbacks suppressed
Jun 28 10:53:35 media-homelab kernel: kauditd_printk_skb: 14 callbacks suppressed
Jun 28 10:53:40 media-homelab kernel: kauditd_printk_skb: 8 callbacks suppressed
```

## Command/job run

- Started at: `2026-06-28T10:53:46+12:00`

```text
dummy job
```

- Finished at: `2026-06-28T10:53:47+12:00`
- Exit code: `0`

## After

### `date -Iseconds`

```text
2026-06-28T10:53:47+12:00
```

### `hostnamectl --static`

```text
media-homelab
```

### `systemd-detect-virt`

```text
kvm
```

### `uptime`

```text
 10:53:47 up 20:22,  1 user,  load average: 1.16, 1.07, 0.95
```

### `free -h`

```text
               total        used        free      shared  buff/cache   available
Mem:            11Gi       6.5Gi       661Mi       426Mi       4.3Gi       4.2Gi
Swap:          2.9Gi       212Mi       2.7Gi
```

### `df -h`

```text
Filesystem                         Size  Used Avail Use% Mounted on
tmpfs                              1.1G  3.9M  1.1G   1% /run
/dev/mapper/ubuntu--vg-ubuntu--lv  120G   50G   66G  44% /
tmpfs                              4.6G     0  4.6G   0% /dev/shm
tmpfs                              5.0M     0  5.0M   0% /run/lock
/dev/sda2                          2.0G  259M  1.6G  15% /boot
/dev/sdc                           1.8T  490G  1.3T  29% /data/media
/dev/sdb                           117G  2.2M  111G   1% /data/downloads
tmpfs                              585M  4.0K  585M   1% /run/user/1000
/dev/sdd1                          1.8T  1.4T  380G  79% /mnt/old-media
```

### `docker stats --no-stream --format 'table {{.Name}}\t{{.MemUsage}}\t{{.MemPerc}}\t{{.CPUPerc}}'`

```text
NAME                     MEM USAGE / LIMIT     MEM %     CPU %
openclaw-gateway         41.7MiB / 5.706GiB    0.71%     0.11%
paperless-webserver      664.5MiB / 5.706GiB   11.37%    0.20%
paperless-db             52.82MiB / 5.706GiB   0.90%     0.00%
paperless-broker         14.76MiB / 5.706GiB   0.25%     0.24%
paperless-gotenberg      14.77MiB / 5.706GiB   0.25%     0.05%
paperless-tika           239.2MiB / 5.706GiB   4.09%     0.25%
speedtest-tracker        154.2MiB / 5.706GiB   2.64%     0.00%
n8n                      341.8MiB / 5.706GiB   5.85%     0.20%
glances                  109MiB / 5.706GiB     1.87%     0.65%
homepage                 104.6MiB / 5.706GiB   1.79%     0.00%
nzbget                   14.34MiB / 5.706GiB   0.25%     0.02%
qbittorrent              32.02MiB / 5.706GiB   0.55%     0.04%
bazarr                   235.8MiB / 5.706GiB   4.04%     0.12%
sonarr                   220.8MiB / 5.706GiB   3.78%     0.12%
radarr                   288.6MiB / 5.706GiB   4.94%     0.04%
cleanuparr               218.7MiB / 5.706GiB   3.74%     0.08%
gluetun                  116.5MiB / 5.706GiB   1.99%     4.22%
prowlarr                 181.9MiB / 5.706GiB   3.11%     0.04%
jellyfin                 433.6MiB / 5.706GiB   7.42%     0.04%
komodo-periphery-1       113.6MiB / 5.706GiB   1.94%     0.00%
komodo-core-1            78.48MiB / 5.706GiB   1.34%     0.03%
komodo-mongo-1           172.9MiB / 5.706GiB   2.96%     0.49%
nginx-proxy-manager      119MiB / 5.706GiB     2.04%     0.05%
flaresolverr             326.8MiB / 5.706GiB   5.59%     0.01%
autoscan                 42.94MiB / 5.706GiB   0.73%     0.01%
authentik-postgresql-1   268.8MiB / 5.706GiB   4.60%     0.00%
adguard                  68.53MiB / 5.706GiB   1.17%     0.01%
authentik-server         747.3MiB / 5.706GiB   12.79%    1.24%
jellyseerr               317.5MiB / 5.706GiB   5.43%     0.00%
authentik-worker-1       547.5MiB / 5.706GiB   9.37%     0.14%
```

### `docker ps --format 'table {{.Names}}\t{{.Image}}\t{{.Status}}'`

```text
NAMES                    IMAGE                                          STATUS
openclaw-gateway         openclaw-gateway-openclaw-gateway              Up 42 minutes
paperless-webserver      ghcr.io/paperless-ngx/paperless-ngx:2.20.15    Up 15 hours (healthy)
paperless-db             postgres:18.4                                  Up 15 hours
paperless-broker         redis:8.2.7                                    Up 15 hours
paperless-gotenberg      gotenberg/gotenberg:8.34.0                     Up 15 hours
paperless-tika           apache/tika:3.3.1.0-full                       Up 15 hours
speedtest-tracker        lscr.io/linuxserver/speedtest-tracker:latest   Up 16 hours
n8n                      docker.n8n.io/n8nio/n8n:latest                 Up 16 hours
glances                  nicolargo/glances:latest                       Up 16 hours
homepage                 ghcr.io/gethomepage/homepage:latest            Up 16 hours (healthy)
nzbget                   lscr.io/linuxserver/nzbget:latest              Up 16 hours
qbittorrent              lscr.io/linuxserver/qbittorrent:latest         Up 16 hours
bazarr                   lscr.io/linuxserver/bazarr:latest              Up 16 hours
sonarr                   lscr.io/linuxserver/sonarr:latest              Up 16 hours
radarr                   lscr.io/linuxserver/radarr:latest              Up 16 hours
cleanuparr               ghcr.io/cleanuparr/cleanuparr:latest           Up 16 hours (healthy)
gluetun                  qmcgaw/gluetun:latest                          Up 16 hours (healthy)
prowlarr                 lscr.io/linuxserver/prowlarr:latest            Up 16 hours
jellyfin                 lscr.io/linuxserver/jellyfin:latest            Up 16 hours
komodo-periphery-1       ghcr.io/moghtech/komodo-periphery:2            Up 16 hours
komodo-core-1            ghcr.io/moghtech/komodo-core:2                 Up 16 hours
komodo-mongo-1           mongo                                          Up 16 hours
nginx-proxy-manager      jc21/nginx-proxy-manager:latest                Up 16 hours
flaresolverr             ghcr.io/flaresolverr/flaresolverr:latest       Up 16 hours
autoscan                 ghcr.io/niniyas/autoscan:latest                Up 16 hours
authentik-postgresql-1   16bc17c64a57                                   Up 16 hours (healthy)
adguard                  adguard/adguardhome:latest                     Up 16 hours
authentik-server         ghcr.io/goauthentik/server:2026.2.2            Up 16 hours (healthy)
jellyseerr               fallenbagel/jellyseerr:preview-OIDC            Up 16 hours
authentik-worker-1       ghcr.io/goauthentik/server:2026.2.2            Up 16 hours (healthy)
```

### `ps aux --sort=-%mem | head -n 20`

```text
USER         PID %CPU %MEM    VSZ   RSS TTY      STAT START   TIME COMMAND
oli       917337  4.5  6.0 27942672 719636 ?     Sl   08:41   5:57 /home/oli/.vscode-server/cli/servers/Stable-7e7950df89d055b5a378379db9ee14290772148a/server/node --dns-result-order=ipv4first /home/oli/.vscode-server/cli/servers/Stable-7e7950df89d055b5a378379db9ee14290772148a/server/out/bootstrap-fork --type=extensionHost --transformURIs --useHostProxy=false
oli       213456  0.1  4.1 275265252 491336 ?    Ssl  Jun27   1:35 /usr/bin/jellyfin --ffmpeg=/usr/lib/jellyfin-ffmpeg/ffmpeg
oli       198196  0.8  2.8 1322960 344076 ?      Sl   Jun27   7:38 gunicorn: worker [authentik.root.asgi:application]
oli       634401  0.6  2.7 1312652 329724 ?      Sl   03:04   3:05 gunicorn: worker [authentik.root.asgi:application]
oli       418626  1.1  2.6 751280 318052 ?       Sl   Jun27   8:11 codex app-server --listen unix://
oli       214241  0.2  2.6 273105776 317204 ?    Ssl  Jun27   2:39 /app/radarr/bin/Radarr -nobrowser -data=/config
oli       212831  0.3  2.5 274792860 304904 ?    Ssl  Jun27   2:50 ./Cleanuparr
oli       216584  0.0  2.4 27043280 289180 ?     Sl   Jun27   0:53 node /usr/local/bin/n8n
oli       198051  0.2  2.3 1127420 279876 ?      Sl   Jun27   2:00 python -m manage worker --pid-file /dev/shm//authentik-worker.pid
root      212736  0.2  2.2 21908608 267956 ?     Sl   Jun27   1:59 node dist/index.js
oli       197688  0.0  2.1 463172 261416 ?       Ssl  Jun27   0:19 python -m manage worker --pid-file /dev/shm//authentik-worker.pid
oli       198460  0.0  2.0 389424 241932 ?       S    Jun27   0:02 python -m manage worker --pid-file /dev/shm//authentik-worker.pid
oli       198459  0.0  1.9 389424 237388 ?       S    Jun27   0:05 python -m manage worker --pid-file /dev/shm//authentik-worker.pid
oli       198461  0.0  1.9 389424 236632 ?       S    Jun27   0:05 python -m manage worker --pid-file /dev/shm//authentik-worker.pid
oli       223016  0.1  1.9 1118632 235904 ?      Sl   Jun27   1:35 granian asginl :::8000 paperless.asgi:application worker-1
oli       214159  0.3  1.9 2611672 229300 ?      Ssl  Jun27   3:22 /app/sonarr/bin/Sonarr -nobrowser -data=/config
oli       197838  0.0  1.8 393372 227060 ?       S    Jun27   0:13 gunicorn: master [authentik.root.asgi:application]
oli       214108  0.1  1.8 273111316 225828 ?    Ssl  Jun27   1:30 /app/prowlarr/bin/Prowlarr -nobrowser -data=/config
oli       213933  0.2  1.7 689452 205040 ?       Sl   Jun27   2:22 /lsiopy/bin/python3 -u /app/bazarr/bin/bazarr/main.py --no-update --config /config
```

### `systemctl --failed`

```text
  UNIT LOAD ACTIVE SUB DESCRIPTION
0 loaded units listed.
```

### `journalctl -p warning..alert -n 100 --no-pager`

```text
Jun 28 10:40:10 media-homelab kernel: kauditd_printk_skb: 14 callbacks suppressed
Jun 28 10:40:20 media-homelab kernel: kauditd_printk_skb: 14 callbacks suppressed
Jun 28 10:40:25 media-homelab kernel: kauditd_printk_skb: 8 callbacks suppressed
Jun 28 10:40:35 media-homelab kernel: kauditd_printk_skb: 8 callbacks suppressed
Jun 28 10:40:40 media-homelab kernel: kauditd_printk_skb: 8 callbacks suppressed
Jun 28 10:40:50 media-homelab kernel: kauditd_printk_skb: 8 callbacks suppressed
Jun 28 10:41:00 media-homelab kernel: kauditd_printk_skb: 14 callbacks suppressed
Jun 28 10:41:05 media-homelab kernel: kauditd_printk_skb: 8 callbacks suppressed
Jun 28 10:41:15 media-homelab kernel: kauditd_printk_skb: 8 callbacks suppressed
Jun 28 10:41:20 media-homelab kernel: kauditd_printk_skb: 8 callbacks suppressed
Jun 28 10:41:30 media-homelab kernel: kauditd_printk_skb: 8 callbacks suppressed
Jun 28 10:41:35 media-homelab kernel: kauditd_printk_skb: 2 callbacks suppressed
Jun 28 10:41:45 media-homelab kernel: kauditd_printk_skb: 14 callbacks suppressed
Jun 28 10:41:55 media-homelab kernel: kauditd_printk_skb: 14 callbacks suppressed
Jun 28 10:42:00 media-homelab kernel: kauditd_printk_skb: 2 callbacks suppressed
Jun 28 10:42:10 media-homelab kernel: kauditd_printk_skb: 14 callbacks suppressed
Jun 28 10:42:20 media-homelab kernel: kauditd_printk_skb: 14 callbacks suppressed
Jun 28 10:42:25 media-homelab kernel: kauditd_printk_skb: 2 callbacks suppressed
Jun 28 10:42:35 media-homelab kernel: kauditd_printk_skb: 14 callbacks suppressed
Jun 28 10:42:45 media-homelab kernel: kauditd_printk_skb: 14 callbacks suppressed
Jun 28 10:42:55 media-homelab kernel: kauditd_printk_skb: 14 callbacks suppressed
Jun 28 10:43:00 media-homelab kernel: kauditd_printk_skb: 8 callbacks suppressed
Jun 28 10:43:10 media-homelab kernel: kauditd_printk_skb: 8 callbacks suppressed
Jun 28 10:43:20 media-homelab kernel: kauditd_printk_skb: 14 callbacks suppressed
Jun 28 10:43:25 media-homelab kernel: kauditd_printk_skb: 8 callbacks suppressed
Jun 28 10:43:35 media-homelab kernel: kauditd_printk_skb: 8 callbacks suppressed
Jun 28 10:43:45 media-homelab kernel: kauditd_printk_skb: 14 callbacks suppressed
Jun 28 10:43:55 media-homelab kernel: kauditd_printk_skb: 14 callbacks suppressed
Jun 28 10:44:05 media-homelab kernel: kauditd_printk_skb: 14 callbacks suppressed
Jun 28 10:44:15 media-homelab kernel: kauditd_printk_skb: 14 callbacks suppressed
Jun 28 10:44:25 media-homelab kernel: kauditd_printk_skb: 14 callbacks suppressed
Jun 28 10:44:35 media-homelab kernel: kauditd_printk_skb: 14 callbacks suppressed
Jun 28 10:44:40 media-homelab kernel: kauditd_printk_skb: 8 callbacks suppressed
Jun 28 10:44:50 media-homelab kernel: kauditd_printk_skb: 8 callbacks suppressed
Jun 28 10:45:00 media-homelab kernel: kauditd_printk_skb: 14 callbacks suppressed
Jun 28 10:45:10 media-homelab kernel: kauditd_printk_skb: 14 callbacks suppressed
Jun 28 10:45:15 media-homelab kernel: kauditd_printk_skb: 8 callbacks suppressed
Jun 28 10:45:25 media-homelab kernel: kauditd_printk_skb: 8 callbacks suppressed
Jun 28 10:45:30 media-homelab kernel: kauditd_printk_skb: 8 callbacks suppressed
Jun 28 10:45:40 media-homelab kernel: kauditd_printk_skb: 8 callbacks suppressed
Jun 28 10:45:45 media-homelab kernel: kauditd_printk_skb: 8 callbacks suppressed
Jun 28 10:45:55 media-homelab kernel: kauditd_printk_skb: 8 callbacks suppressed
Jun 28 10:46:00 media-homelab kernel: kauditd_printk_skb: 7 callbacks suppressed
Jun 28 10:46:10 media-homelab kernel: kauditd_printk_skb: 9 callbacks suppressed
Jun 28 10:46:20 media-homelab kernel: kauditd_printk_skb: 14 callbacks suppressed
Jun 28 10:46:25 media-homelab kernel: kauditd_printk_skb: 13 callbacks suppressed
Jun 28 10:46:35 media-homelab kernel: kauditd_printk_skb: 3 callbacks suppressed
Jun 28 10:46:45 media-homelab kernel: kauditd_printk_skb: 14 callbacks suppressed
Jun 28 10:46:50 media-homelab kernel: kauditd_printk_skb: 2 callbacks suppressed
Jun 28 10:47:00 media-homelab kernel: kauditd_printk_skb: 14 callbacks suppressed
Jun 28 10:47:05 media-homelab kernel: kauditd_printk_skb: 8 callbacks suppressed
Jun 28 10:47:15 media-homelab kernel: kauditd_printk_skb: 8 callbacks suppressed
Jun 28 10:47:20 media-homelab kernel: kauditd_printk_skb: 2 callbacks suppressed
Jun 28 10:47:30 media-homelab kernel: kauditd_printk_skb: 14 callbacks suppressed
Jun 28 10:47:40 media-homelab kernel: kauditd_printk_skb: 14 callbacks suppressed
Jun 28 10:47:50 media-homelab kernel: kauditd_printk_skb: 14 callbacks suppressed
Jun 28 10:47:55 media-homelab kernel: kauditd_printk_skb: 8 callbacks suppressed
Jun 28 10:48:05 media-homelab kernel: kauditd_printk_skb: 8 callbacks suppressed
Jun 28 10:48:10 media-homelab kernel: kauditd_printk_skb: 8 callbacks suppressed
Jun 28 10:48:20 media-homelab kernel: kauditd_printk_skb: 8 callbacks suppressed
Jun 28 10:48:30 media-homelab kernel: kauditd_printk_skb: 14 callbacks suppressed
Jun 28 10:48:35 media-homelab kernel: kauditd_printk_skb: 8 callbacks suppressed
Jun 28 10:48:45 media-homelab kernel: kauditd_printk_skb: 8 callbacks suppressed
Jun 28 10:48:50 media-homelab kernel: kauditd_printk_skb: 8 callbacks suppressed
Jun 28 10:49:00 media-homelab kernel: kauditd_printk_skb: 8 callbacks suppressed
Jun 28 10:49:10 media-homelab kernel: kauditd_printk_skb: 14 callbacks suppressed
Jun 28 10:49:15 media-homelab kernel: kauditd_printk_skb: 8 callbacks suppressed
Jun 28 10:49:25 media-homelab kernel: kauditd_printk_skb: 8 callbacks suppressed
Jun 28 10:49:35 media-homelab kernel: kauditd_printk_skb: 14 callbacks suppressed
Jun 28 10:49:45 media-homelab kernel: kauditd_printk_skb: 14 callbacks suppressed
Jun 28 10:49:50 media-homelab kernel: kauditd_printk_skb: 2 callbacks suppressed
Jun 28 10:50:00 media-homelab kernel: kauditd_printk_skb: 14 callbacks suppressed
Jun 28 10:50:10 media-homelab kernel: kauditd_printk_skb: 14 callbacks suppressed
Jun 28 10:50:20 media-homelab kernel: kauditd_printk_skb: 14 callbacks suppressed
Jun 28 10:50:30 media-homelab kernel: kauditd_printk_skb: 14 callbacks suppressed
Jun 28 10:50:35 media-homelab kernel: kauditd_printk_skb: 8 callbacks suppressed
Jun 28 10:50:45 media-homelab kernel: kauditd_printk_skb: 8 callbacks suppressed
Jun 28 10:50:50 media-homelab kernel: kauditd_printk_skb: 8 callbacks suppressed
Jun 28 10:51:00 media-homelab kernel: kauditd_printk_skb: 8 callbacks suppressed
Jun 28 10:51:05 media-homelab kernel: kauditd_printk_skb: 8 callbacks suppressed
Jun 28 10:51:15 media-homelab kernel: kauditd_printk_skb: 8 callbacks suppressed
Jun 28 10:51:20 media-homelab kernel: kauditd_printk_skb: 8 callbacks suppressed
Jun 28 10:51:30 media-homelab kernel: kauditd_printk_skb: 8 callbacks suppressed
Jun 28 10:51:35 media-homelab kernel: kauditd_printk_skb: 8 callbacks suppressed
Jun 28 10:51:45 media-homelab kernel: kauditd_printk_skb: 8 callbacks suppressed
Jun 28 10:51:55 media-homelab kernel: kauditd_printk_skb: 14 callbacks suppressed
Jun 28 10:52:00 media-homelab kernel: kauditd_printk_skb: 8 callbacks suppressed
Jun 28 10:52:10 media-homelab kernel: kauditd_printk_skb: 8 callbacks suppressed
Jun 28 10:52:20 media-homelab kernel: kauditd_printk_skb: 14 callbacks suppressed
Jun 28 10:52:25 media-homelab kernel: kauditd_printk_skb: 8 callbacks suppressed
Jun 28 10:52:35 media-homelab kernel: kauditd_printk_skb: 8 callbacks suppressed
Jun 28 10:52:40 media-homelab kernel: kauditd_printk_skb: 8 callbacks suppressed
Jun 28 10:52:50 media-homelab kernel: kauditd_printk_skb: 8 callbacks suppressed
Jun 28 10:52:55 media-homelab kernel: kauditd_printk_skb: 8 callbacks suppressed
Jun 28 10:53:05 media-homelab kernel: kauditd_printk_skb: 8 callbacks suppressed
Jun 28 10:53:10 media-homelab kernel: kauditd_printk_skb: 2 callbacks suppressed
Jun 28 10:53:20 media-homelab kernel: kauditd_printk_skb: 14 callbacks suppressed
Jun 28 10:53:25 media-homelab kernel: kauditd_printk_skb: 2 callbacks suppressed
Jun 28 10:53:35 media-homelab kernel: kauditd_printk_skb: 14 callbacks suppressed
Jun 28 10:53:40 media-homelab kernel: kauditd_printk_skb: 8 callbacks suppressed
```

## Diff / observations

- Compare `free -h` before and after for available RAM, swap use, and cache changes.
- Compare `df -h` before and after for filesystem pressure or unexpected growth.
- Compare `ps aux --sort=-%mem | head -n 20` before and after for new or growing memory-heavy processes.
- Compare Docker stats and container status when Docker is available on the host.
- Compare `systemctl --failed` and `journalctl -p warning..alert -n 100 --no-pager` for new failed units, warnings, errors, OOMs, or service instability.
- Job exit code: `0`.


## Recommendation / follow-up

- Add a short human summary here before using this report for an operational decision.
- If pressure or failures changed during the job, capture the affected service logs separately with a narrow, secret-safe command.
- If this was a deployment-affecting job, use Komodo for any follow-up deploy, restart, update, or rollback action.
